/home/athira/Documents/novox/novox-scraper/venv/lib/python3.12/site-packages/qdrant_client/qdrant_remote.py:275: UserWarning: Failed to obtain server version. Unable to check client-server compatibility. Set check_compatibility=False to skip version check.
  show_warning(
🔌 Connecting to Qdrant server at https://00b9-2405-201-f006-80ed-9e35-78b6-dc92-e85.ngrok-free.app...
Fetching 5 files:   0%|          | 0/5 [00:00<?, ?it/s]Warning: You are sending unauthenticated requests to the HF Hub. Please set a HF_TOKEN to enable higher rate limits and faster downloads.
WARNING:huggingface_hub.utils._http:Warning: You are sending unauthenticated requests to the HF Hub. Please set a HF_TOKEN to enable higher rate limits and faster downloads.
Fetching 5 files:  20%|██        | 1/5 [00:00<00:02,  1.92it/s]Fetching 5 files:  40%|████      | 2/5 [00:08<00:13,  4.63s/it]Fetching 5 files: 100%|██████████| 5/5 [00:08<00:00,  1.61s/it]
📖 Reading and chunking scraped data...
🧹 Checking for existing database...
Traceback (most recent call last):
  File "/home/athira/Documents/novox/novox-scraper/upload.py", line 70, in <module>
    process_and_upload()
  File "/home/athira/Documents/novox/novox-scraper/upload.py", line 53, in process_and_upload
    if client.collection_exists(collection_name=COLLECTION_NAME):
       ^^^^^^^^^^^^^^^^^^^^^^^^^^^^^^^^^^^^^^^^^^^^^^^^^^^^^^^^^
  File "/home/athira/Documents/novox/novox-scraper/venv/lib/python3.12/site-packages/qdrant_client/qdrant_client.py", line 1603, in collection_exists
    return self._client.collection_exists(collection_name=collection_name, **kwargs)
           ^^^^^^^^^^^^^^^^^^^^^^^^^^^^^^^^^^^^^^^^^^^^^^^^^^^^^^^^^^^^^^^^^^^^^^^^^
  File "/home/athira/Documents/novox/novox-scraper/venv/lib/python3.12/site-packages/qdrant_client/qdrant_remote.py", line 1897, in collection_exists
    result: models.CollectionExistence | None = self.http.collections_api.collection_exists(
                                                ^^^^^^^^^^^^^^^^^^^^^^^^^^^^^^^^^^^^^^^^^^^^
  File "/home/athira/Documents/novox/novox-scraper/venv/lib/python3.12/site-packages/qdrant_client/http/api/collections_api.py", line 438, in collection_exists
    return self._build_for_collection_exists(
           ^^^^^^^^^^^^^^^^^^^^^^^^^^^^^^^^^^
  File "/home/athira/Documents/novox/novox-scraper/venv/lib/python3.12/site-packages/qdrant_client/http/api/collections_api.py", line 67, in _build_for_collection_exists
    return self.api_client.request(
           ^^^^^^^^^^^^^^^^^^^^^^^^
  File "/home/athira/Documents/novox/novox-scraper/venv/lib/python3.12/site-packages/qdrant_client/http/api_client.py", line 95, in request
    return self.send(request, type_)
           ^^^^^^^^^^^^^^^^^^^^^^^^^
  File "/home/athira/Documents/novox/novox-scraper/venv/lib/python3.12/site-packages/qdrant_client/http/api_client.py", line 130, in send
    raise UnexpectedResponse.for_response(response)
qdrant_client.http.exceptions.UnexpectedResponse: Unexpected Response: 404 (Not Found)
Raw response content:
b'<!DOCTYPE html>\n<html class="h-full" lang="en-US" dir="ltr">\n  <head>\n    <meta charset="utf-8">\n    <meta name="viewport" content="width=device-width, initial-scale=1">\n    <link rel="preload" hre ...'
